Application.c:110:6:ApplicationScreenBase__Init	32	static
Application.c:132:6:ApplicationScreenBase__ReInit	8	static
Application.c:142:6:ApplicationScreenBase__Done	8	static
Application.c:240:6:ApplicationApplication_GoToGauge	56	static
Application.c:332:6:ApplicationGaugeScreen_GoToCommands	56	static
Application.c:1626:6:ApplicationPushButton_UpdateViewState	64	static
Application.c:276:6:ApplicationGaugeScreen__Init	48	static
Application.c:307:6:ApplicationGaugeScreen__ReInit	8	static
Application.c:318:6:ApplicationGaugeScreen__Done	8	static
Application.c:721:6:ApplicationredButton_UpdateViewState	24	static
Application.c:947:6:ApplicationgreenButton_UpdateViewState	24	static
Application.c:1177:6:ApplicationblueButton_UpdateViewState	24	static
Application.c:1404:6:ApplicationorangeButton_UpdateViewState	24	static
Application.c:1538:6:ApplicationPushButton__Init	56	static
Application.c:180:6:ApplicationApplication__Init	48	static
Application.c:626:6:ApplicationredButton__Init	56	static
Application.c:850:6:ApplicationgreenButton__Init	64	static
Application.c:1080:6:ApplicationblueButton__Init	48	static
Application.c:1307:6:ApplicationorangeButton__Init	56	static
Application.c:369:6:ApplicationCmdScreen__Init	64	static
Application.c:677:6:ApplicationredButton__ReInit	8	static
Application.c:903:6:ApplicationgreenButton__ReInit	8	static
Application.c:1133:6:ApplicationblueButton__ReInit	8	static
Application.c:1360:6:ApplicationorangeButton__ReInit	8	static
Application.c:416:6:ApplicationCmdScreen__ReInit	8	static
Application.c:1584:6:ApplicationPushButton__ReInit	8	static
Application.c:213:6:ApplicationApplication__ReInit	8	static
Application.c:691:6:ApplicationredButton__Done	8	static
Application.c:917:6:ApplicationgreenButton__Done	8	static
Application.c:1147:6:ApplicationblueButton__Done	8	static
Application.c:1374:6:ApplicationorangeButton__Done	8	static
Application.c:430:6:ApplicationCmdScreen__Done	8	static
Application.c:1597:6:ApplicationPushButton__Done	8	static
Application.c:225:6:ApplicationApplication__Done	8	static
Application.c:783:6:ApplicationredButton_onEnterLeaveTouch	0	static
Application.c:1011:6:ApplicationgreenButton_onEnterLeaveTouch	0	static
Application.c:1239:6:ApplicationblueButton_onEnterLeaveTouch	0	static
Application.c:1469:6:ApplicationorangeButton_onEnterLeaveTouch	0	static
Application.c:1684:6:ApplicationPushButton_onEnterLeaveTouch	0	static
Application.c:748:6:ApplicationredButton_onFlashTimer	16	static
Application.c:975:6:ApplicationgreenButton_onFlashTimer	16	static
Application.c:1204:6:ApplicationblueButton_onFlashTimer	16	static
Application.c:1432:6:ApplicationorangeButton_onFlashTimer	16	static
Application.c:1649:6:ApplicationPushButton_onFlashTimer	16	static
Application.c:475:6:ApplicationCmdScreen_Orangemethod	16	static
Application.c:503:6:ApplicationCmdScreen_Redmethod	16	static
Application.c:531:6:ApplicationCmdScreen_Bluemethod	16	static
Application.c:447:6:ApplicationCmdScreen_Greenmethod	16	static
Application.c:759:6:ApplicationredButton_onPressKey	16	static
Application.c:794:6:ApplicationredButton_onReleaseTouch	0	static
Application.c:812:6:ApplicationredButton_onPressTouch	8	static
Application.c:987:6:ApplicationgreenButton_onPressKey	16	static
Application.c:1022:6:ApplicationgreenButton_onReleaseTouch	0	static
Application.c:1041:6:ApplicationgreenButton_onPressTouch	8	static
Application.c:1215:6:ApplicationblueButton_onPressKey	16	static
Application.c:1250:6:ApplicationblueButton_onReleaseTouch	0	static
Application.c:1269:6:ApplicationblueButton_onPressTouch	8	static
Application.c:1444:6:ApplicationorangeButton_onPressKey	16	static
Application.c:1480:6:ApplicationorangeButton_onReleaseTouch	0	static
Application.c:1499:6:ApplicationorangeButton_onPressTouch	8	static
Application.c:1660:6:ApplicationPushButton_onPressKey	16	static
Application.c:1695:6:ApplicationPushButton_onReleaseTouch	0	static
Application.c:1714:6:ApplicationPushButton_onPressTouch	8	static
