Core.c:177:6:CoreView_initLayoutContext	0	static
Core.c:273:6:CoreView_Draw	0	static
Core.c:307:9:CoreView_HandleEvent	0	static
Core.c:353:15:CoreView_CursorHitTest	0	static
Core.c:391:8:CoreView_ArrangeView	4	static
Core.c:418:6:CoreView_MoveView	8	static
Core.c:435:7:CoreView_GetExtent	0	static
Core.c:1425:7:CoreRectView_GetExtent	4	static
Core.c:1964:6:CoreGroup_OnSetOpacity	40	static
Core.c:2602:6:CoreGroup_UpdateViewState	0	static
Core.c:3076:10:CoreRoot_GetRoot	0	static
Core.c:5917:6:CoreTask_OnComplete	0	static
Core.c:6115:15:TimerProc	0	static
Core.c:143:6:CoreView__Init	8	static
Core.c:533:6:CoreQuadView__Init	8	static
Core.c:4988:6:CoreSimpleTouchHandler__Init	16	static
Core.c:1133:6:CoreRectView__Init	8	static
Core.c:4828:6:CoreOutline__Init	8	static
Core.c:5507:6:CoreCursorHit__Init	8	static
Core.c:5562:6:CoreLayoutContext__Init	8	static
Core.c:5601:6:CoreLayoutQuadContext__Init	8	static
Core.c:5640:6:CoreDialogContext__Init	8	static
Core.c:5679:6:CoreTaskQueue__Init	8	static
Core.c:5881:6:CoreTask__Init	8	static
Core.c:6122:6:CoreTimer__Init	8	static
Core.c:160:6:CoreView__ReInit	0	static
Core.c:548:6:CoreQuadView__ReInit	0	static
Core.c:5007:6:CoreSimpleTouchHandler__ReInit	0	static
Core.c:1148:6:CoreRectView__ReInit	0	static
Core.c:1505:6:CoreGroup__ReInit	0	static
Core.c:4845:6:CoreOutline__ReInit	0	static
Core.c:4264:6:CoreEvent__ReInit	0	static
Core.c:4326:6:CoreKeyEvent__ReInit	0	static
Core.c:4563:6:CoreCursorGrabEvent__ReInit	0	static
Core.c:4651:6:CoreCursorEvent__ReInit	0	static
Core.c:4775:6:CoreDragEvent__ReInit	0	static
Core.c:5426:6:CoreKeyPressHandler__ReInit	0	static
Core.c:5520:6:CoreCursorHit__ReInit	0	static
Core.c:5575:6:CoreLayoutContext__ReInit	0	static
Core.c:5614:6:CoreLayoutQuadContext__ReInit	0	static
Core.c:5653:6:CoreDialogContext__ReInit	0	static
Core.c:5692:6:CoreTaskQueue__ReInit	0	static
Core.c:5894:6:CoreTask__ReInit	0	static
Core.c:6051:6:CoreResource__ReInit	0	static
Core.c:6138:6:CoreTimer__ReInit	0	static
Core.c:3049:6:CoreRoot__ReInit	8	static
Core.c:167:6:CoreView__Done	0	static
Core.c:555:6:CoreQuadView__Done	0	static
Core.c:5014:6:CoreSimpleTouchHandler__Done	0	static
Core.c:1155:6:CoreRectView__Done	0	static
Core.c:1512:6:CoreGroup__Done	0	static
Core.c:4852:6:CoreOutline__Done	0	static
Core.c:4271:6:CoreEvent__Done	0	static
Core.c:4333:6:CoreKeyEvent__Done	0	static
Core.c:4570:6:CoreCursorGrabEvent__Done	0	static
Core.c:4658:6:CoreCursorEvent__Done	0	static
Core.c:4782:6:CoreDragEvent__Done	0	static
Core.c:5433:6:CoreKeyPressHandler__Done	0	static
Core.c:5527:6:CoreCursorHit__Done	0	static
Core.c:5582:6:CoreLayoutContext__Done	0	static
Core.c:5621:6:CoreLayoutQuadContext__Done	0	static
Core.c:5660:6:CoreDialogContext__Done	0	static
Core.c:5699:6:CoreTaskQueue__Done	0	static
Core.c:5901:6:CoreTask__Done	0	static
Core.c:5750:6:CoreTaskQueue_onPreDispatchNext3	24	static
Core.c:5759:6:CoreTaskQueue_onPreDispatchNext2	24	static
Core.c:5768:6:CoreTaskQueue_onPreDispatchNext1	24	static
Core.c:225:10:CoreView_GetRoot	16	static
Core.c:1165:6:CoreRectView_initLayoutContext	24	static
Core.c:565:6:CoreQuadView_initLayoutContext	40	static
Core.c:872:7:CoreQuadView_GetExtent	32	static
Core.c:1192:8:CoreRectView_ArrangeView	152	static
Core.c:1414:6:CoreRectView_MoveView	88	static
Core.c:1431:6:CoreRectView_OnSetBounds	56	static
Core.c:2626:6:CoreGroup_InvalidateArea	88	static
Core.c:1574:15:CoreGroup_CursorHitTest	200	static
Core.c:1704:6:CoreGroup_OnSetBounds	88	static
Core.c:1915:6:CoreGroup_OnSetFocus	16	static
Core.c:3124:6:CoreRoot_OnSetFocus	0	static
Core.c:4899:6:CoreOutline_OnSetBounds	104	static
Core.c:4248:6:CoreEvent__Init	8	static
Core.c:4313:6:CoreKeyEvent__Init	8	static
Core.c:4550:6:CoreCursorGrabEvent__Init	8	static
Core.c:4638:6:CoreCursorEvent__Init	8	static
Core.c:4762:6:CoreDragEvent__Init	8	static
Core.c:6058:6:CoreResource__Done	8	static
Core.c:6035:6:CoreResource__Init	16	static
Core.c:6145:6:CoreTimer__Done	8	static
Core.c:3059:6:CoreRoot__Done	8	static
Core.c:3131:6:CoreRoot_OnSetOpacity	56	static
Core.c:2662:10:CoreGroup_FindSiblingView.part.0	24	static
Core.c:461:6:CoreView_ChangeViewState	72	static
Core.c:1669:6:CoreGroup_ChangeViewState	24	static
Core.c:3109:6:CoreRoot_ChangeViewState	80	static
Core.c:3647:7:CoreRoot_DoesNeedUpdate.part.0	24	static
Core.c:5724:6:CoreTaskQueue_onDispatchNext	16	static
Core.c:116:14:EwCheckIndex.part.0.constprop	16	static
Core.c:3202:6:CoreRoot_InvalidateArea	160	static
Core.c:4886:6:CoreOutline_Draw	0	static
Core.c:5048:6:CoreSimpleTouchHandler_Draw	0	static
Core.c:5938:6:CoreTask_OnCancel	0	static
Core.c:186:6:CoreView__initLayoutContext	24	static
Core.c:192:6:CoreView_OnSetLayout	72	static
Core.c:243:10:CoreView__GetRoot	0	static
Core.c:286:6:CoreView__Draw	40	static
Core.c:317:9:CoreView__HandleEvent	0	static
Core.c:368:15:CoreView__CursorHitTest	40	static
Core.c:402:8:CoreView__ArrangeView	40	static
Core.c:427:6:CoreView__MoveView	16	static
Core.c:444:7:CoreView__GetExtent	8	static
Core.c:509:6:CoreView__ChangeViewState	0	static
Core.c:949:6:CoreQuadView_OnSetPoint4	88	static
Core.c:977:6:CoreQuadView_OnSetPoint3	88	static
Core.c:1005:6:CoreQuadView_OnSetPoint2	88	static
Core.c:1033:6:CoreQuadView_OnSetPoint1	88	static
Core.c:597:8:CoreQuadView_ArrangeView	152	static
Core.c:851:6:CoreQuadView_MoveView	72	static
Core.c:1063:7:CoreQuadView_IsPointInside	80	static
Core.c:1105:7:CoreQuadView_HasRectShape	8	static
Core.c:5284:15:CoreSimpleTouchHandler_CursorHitTest	168	static
Core.c:1459:6:CoreRectView__OnSetBounds	24	static
Core.c:1759:6:CoreGroup_drawContent	224	static
Core.c:1533:6:CoreGroup_Draw	56	static
Core.c:3082:6:CoreRoot_Draw	120	static
Core.c:1809:6:CoreGroup_recalculateLayout	128	static
Core.c:1891:6:CoreGroup_updateComponent	16	static
Core.c:1949:6:CoreGroup__OnSetFocus	0	static
Core.c:1955:6:CoreGroup_OnSetEnabled	0	static
Core.c:1983:6:CoreGroup__OnSetOpacity	0	static
Core.c:1989:6:CoreGroup_OnSetVisible	0	static
Core.c:2022:6:CoreGroup_DrawForeground	0	static
Core.c:2059:6:CoreGroup_DrawBackground	0	static
Core.c:2081:8:CoreGroup_GetMinimalSize	0	static
Core.c:2090:8:CoreGroup__GetMinimalSize	0	static
Core.c:2411:8:CoreGroup_LocalPosition	32	static
Core.c:2470:9:CoreGroup__DispatchEvent	0	static
Core.c:2489:9:CoreGroup_BroadcastEventAtPosition	80	static
Core.c:2519:9:CoreGroup__BroadcastEventAtPosition	16	static
Core.c:2569:9:CoreGroup__BroadcastEvent	0	static
Core.c:2581:6:CoreGroup_UpdateLayout	8	static
Core.c:2610:6:CoreGroup__UpdateViewState	0	static
Core.c:2618:6:CoreGroup_InvalidateViewState	24	static
Core.c:1524:6:CoreGroup_Init	0	static
Core.c:1484:6:CoreGroup__Init	8	static
Core.c:2648:6:CoreGroup__InvalidateArea	24	static
Core.c:2662:10:CoreGroup_FindSiblingView	0	static
Core.c:2776:6:CoreGroup_RestackTop	80	static
Core.c:2847:6:CoreGroup_Remove	72	static
Core.c:2919:6:CoreGroup_Add	72	static
Core.c:3293:15:CoreRoot_createDragEvent	8	static
Core.c:3306:17:CoreRoot_createCursorEvent	8	static
Core.c:3319:21:CoreRoot_createCursorGrabEvent	8	static
Core.c:3397:8:CoreRoot_GetFPS	8	static
Core.c:3413:8:CoreRoot__GetFPS	0	static
Core.c:3469:6:CoreRoot_EndUpdate	0	static
Core.c:3479:6:CoreRoot__EndUpdate	0	static
Core.c:3494:7:CoreRoot_UpdateCanvas	184	static
Core.c:3524:7:CoreRoot__UpdateCanvas	16	static
Core.c:3535:7:CoreRoot_GetUpdateRegion	12	static
Core.c:3557:7:CoreRoot__GetUpdateRegion	8	static
Core.c:3574:8:CoreRoot_BeginUpdate	176	static
Core.c:3446:7:CoreRoot_UpdateGE20	48	static
Core.c:3423:7:CoreRoot_Update	40	static
Core.c:3434:7:CoreRoot__Update	8	static
Core.c:3459:7:CoreRoot__UpdateGE20	8	static
Core.c:3639:8:CoreRoot__BeginUpdate	0	static
Core.c:3647:7:CoreRoot_DoesNeedUpdate	0	static
Core.c:3664:7:CoreRoot__DoesNeedUpdate	0	static
Core.c:3673:10:CoreRoot_Initialize	64	static
Core.c:3688:10:CoreRoot__Initialize	8	static
Core.c:3694:7:CoreRoot_SetRootFocus	8	static
Core.c:3710:7:CoreRoot__SetRootFocus	0	static
Core.c:3722:6:CoreRoot_SetUserInputTimestamp	0	static
Core.c:3728:6:CoreRoot__SetUserInputTimestamp	0	static
Core.c:3854:7:CoreRoot_DriveMultiTouchMovement	136	static
Core.c:3833:7:CoreRoot_DriveCursorMovement	8	static
Core.c:3839:7:CoreRoot__DriveCursorMovement	24	static
Core.c:3918:7:CoreRoot__DriveMultiTouchMovement	16	static
Core.c:4281:6:CoreEvent_Init	8	static
Core.c:4292:9:CoreEvent_GetCurrentTime	0	static
Core.c:4348:14:CoreKeyEvent_Initialize2	4	static
Core.c:4412:14:CoreKeyEvent__Initialize2	0	static
Core.c:4423:14:CoreKeyEvent_Initialize	4	static
Core.c:4489:14:CoreKeyEvent__Initialize	0	static
Core.c:4500:7:CoreKeyEvent_IsCode	0	static
Core.c:4583:21:CoreCursorGrabEvent_InitializeUp	16	static
Core.c:4597:21:CoreCursorGrabEvent__InitializeUp	8	static
Core.c:4607:21:CoreCursorGrabEvent_InitializeDown	16	static
Core.c:4621:21:CoreCursorGrabEvent__InitializeDown	8	static
Core.c:4670:17:CoreCursorEvent_InitializeHold	48	static
Core.c:4686:17:CoreCursorEvent__InitializeHold	80	static
Core.c:4698:17:CoreCursorEvent_InitializeUp	48	static
Core.c:4715:17:CoreCursorEvent__InitializeUp	88	static
Core.c:4727:17:CoreCursorEvent_InitializeDown	48	static
Core.c:4157:6:CoreRoot_DeflectCursor	128	static
Core.c:4113:6:CoreRoot_RetargetCursorWithReason	88	static
Core.c:5074:9:CoreSimpleTouchHandler_HandleEvent	88	static
Core.c:4744:17:CoreCursorEvent__InitializeDown	24	static
Core.c:4794:15:CoreDragEvent_Initialize	48	static
Core.c:4810:15:CoreDragEvent__Initialize	96	static
Core.c:5358:6:CoreSimpleTouchHandler_OnSetRetargetOffset	0	static
Core.c:5368:6:CoreSimpleTouchHandler_OnSetMaxStrikeCount	0	static
Core.c:5378:6:CoreSimpleTouchHandler_OnSetEnabled	0	static
Core.c:5443:6:CoreKeyPressHandler_Init	8	static
Core.c:5406:6:CoreKeyPressHandler__Init	16	static
Core.c:5463:7:CoreKeyPressHandler_HandleEvent	16	static
Core.c:1743:9:CoreGroup_processKeyHandlers	16	static
Core.c:2435:9:CoreGroup_DispatchEvent	24	static
Core.c:3153:9:CoreRoot_DispatchEvent	8	static
Core.c:2539:9:CoreGroup_BroadcastEvent	24	static
Core.c:3183:9:CoreRoot_BroadcastEvent	8	static
Core.c:3742:7:CoreRoot_DriveKeyboardHitting	40	static
Core.c:3817:7:CoreRoot__DriveKeyboardHitting	0	static
Core.c:5543:15:CoreCursorHit_Initialize	16	static
Core.c:5709:6:CoreTaskQueue_completeTask	24	static
Core.c:5988:6:CoreTask_Complete	0	static
Core.c:5781:6:CoreTaskQueue_CancelTask	32	static
Core.c:5969:6:CoreTask_OnStart	0	static
Core.c:5831:6:CoreTaskQueue_ScheduleTask	24	static
Core.c:2717:6:CoreGroup_FadeGroup	32	static
Core.c:2314:6:CoreGroup_PresentDialog	96	static
Core.c:2153:6:CoreGroup_SwitchToDialog	112	static
Core.c:5925:6:CoreTask__OnComplete	0	static
Core.c:5946:6:CoreTask__OnCancel	0	static
Core.c:5978:6:CoreTask__OnStart	0	static
Core.c:5995:6:CoreTask__Complete	0	static
Core.c:6008:6:CoreTask_Cancel	0	static
Core.c:6017:7:CoreTask_IsCurrent	0	static
Core.c:6071:6:CoreResource_Done	8	static
Core.c:6087:6:CoreResource_Init	16	static
Core.c:6158:6:CoreTimer_Done	8	static
Core.c:6169:6:CoreTimer_restart	24	static
Core.c:3026:6:CoreRoot__Init	24	static
Core.c:6203:6:CoreTimer_OnSetPeriod	4	static
Core.c:6218:6:CoreTimer_OnSetBegin	0	static
Core.c:6233:6:CoreTimer_OnSetEnabled	8	static
Core.c:3332:6:CoreRoot_cursorHoldTimerProc	128	static
Core.c:3958:7:CoreRoot_DriveMultiTouchHitting	160	static
Core.c:3934:7:CoreRoot_DriveCursorHitting	16	static
Core.c:3941:7:CoreRoot__DriveCursorHitting	16	static
Core.c:4076:7:CoreRoot__DriveMultiTouchHitting	16	static
Core.c:6267:6:CoreTimer_Trigger	8	static
Core.c:6251:9:CoreTimer_GetCurrentTime	0	static
Core.c:6278:6:CoreTimer__Trigger	0	static
