Effects.c:111:7:EffectsFader_IsFinished	0	static
Effects.c:135:6:EffectsFader_OnEnd	0	static
Effects.c:224:7:EffectsVisibilityFader_IsFinished	0	static
Effects.c:353:14:EffectsTransition_CreatePresentFader	0	static
Effects.c:396:14:EffectsTransition_CreateRestoreFader	0	static
Effects.c:414:14:EffectsTransition_CreateOverlayFader	0	static
Effects.c:518:14:EffectsShowHideTransition_CreateRestoreFader	8	static
Effects.c:60:6:EffectsFader__Init	8	static
Effects.c:189:6:EffectsVisibilityFader__Init	8	static
Effects.c:318:6:EffectsTransition__Init	8	static
Effects.c:439:6:EffectsShowHideTransition__Init	8	static
Effects.c:81:6:EffectsFader__ReInit	0	static
Effects.c:204:6:EffectsVisibilityFader__ReInit	0	static
Effects.c:331:6:EffectsTransition__ReInit	0	static
Effects.c:454:6:EffectsShowHideTransition__ReInit	0	static
Effects.c:88:6:EffectsFader__Done	0	static
Effects.c:211:6:EffectsVisibilityFader__Done	0	static
Effects.c:338:6:EffectsTransition__Done	0	static
Effects.c:461:6:EffectsShowHideTransition__Done	0	static
Effects.c:270:6:EffectsVisibilityFader_OnStart	48	static
Effects.c:496:14:EffectsShowHideTransition_CreateDismissFader	8	static
Effects.c:534:14:EffectsShowHideTransition_CreateOverlayFader	8	static
Effects.c:476:14:EffectsShowHideTransition_CreatePresentFader	24	static
Effects.c:550:6:EffectsShowHideTransition_onInitializeIn	56	static
Effects.c:584:6:EffectsEffectTimerClass__Init	8	static
Effects.c:597:6:EffectsEffectTimerClass__ReInit	0	static
Effects.c:604:6:EffectsEffectTimerClass__Done	0	static
Effects.c:617:6:EffectsEffectTimerClass_Trigger	8	static
Effects.c:640:6:EffectsEffectTimer__Init	8	static
Effects.c:651:6:EffectsFaderTask__Init	8	static
Effects.c:664:6:EffectsFaderTask__ReInit	0	static
Effects.c:671:6:EffectsFaderTask__Done	0	static
Effects.c:720:6:EffectsFaderTask_OnCancel	16	static
Effects.c:687:6:EffectsFaderTask_OnComplete	16	static
Effects.c:757:6:EffectsFaderTask_OnStart	16	static
Effects.c:792:6:EffectsFaderTask_Complete	16	static
Effects.c:239:6:EffectsVisibilityFader_OnEnd	8	static
Effects.c:374:14:EffectsTransition_CreateDismissFader	0	static
Effects.c:906:6:EffectsShowHideCentered__Init	0	static
Effects.c:101:6:EffectsFader_Complete	0	static
Effects.c:165:6:EffectsFader_OnStart	0	static
Effects.c:120:7:EffectsFader__IsFinished	0	static
Effects.c:142:6:EffectsFader__OnEnd	0	static
Effects.c:171:6:EffectsFader__OnStart	0	static
Effects.c:362:14:EffectsTransition__CreatePresentFader	0	static
Effects.c:383:14:EffectsTransition__CreateDismissFader	0	static
Effects.c:402:14:EffectsTransition__CreateRestoreFader	0	static
Effects.c:420:14:EffectsTransition__CreateOverlayFader	0	static
Effects.c:804:6:EffectsFaderTask_RemoveFader	16	static
Effects.c:845:6:EffectsFaderTask_AddFader	16	static
