Graphics.c:61:6:GraphicsCanvas__Init	8	static
Graphics.c:77:6:GraphicsCanvas__ReInit	0	static
Graphics.c:113:6:GraphicsCanvas_OnSetFrameSize	24	static
Graphics.c:84:6:GraphicsCanvas__Done	0	static
Graphics.c:97:6:GraphicsCanvas_Done	0	static
Graphics.c:104:6:GraphicsCanvas_Init	0	static
Graphics.c:187:16:GraphicsCanvas_DetachBitmap	8	static
Graphics.c:205:16:GraphicsCanvas__DetachBitmap	8	static
Graphics.c:214:16:GraphicsCanvas_AttachBitmap	16	static
Graphics.c:250:16:GraphicsCanvas__AttachBitmap	0	static
Graphics.c:277:6:GraphicsCanvas_DrawText	64	static
Graphics.c:342:6:GraphicsCanvas_DrawBitmapFrame	144	static
Graphics.c:396:6:GraphicsCanvas_ScaleBitmap	88	static
Graphics.c:453:6:GraphicsCanvas_CopyBitmap	88	static
Graphics.c:489:6:GraphicsCanvas_FillRectangle	72	static
Graphics.c:142:6:GraphicsCanvas_Update	96	static
