Views.c:997:6:ViewsText_preOnUpdateSlot	0	static
Views.c:57:6:ViewsRectangle__Init	8	static
Views.c:173:6:ViewsFrame__Init	8	static
Views.c:434:6:ViewsImage__Init	8	static
Views.c:741:6:ViewsText__Init	8	static
Views.c:73:6:ViewsRectangle__ReInit	0	static
Views.c:190:6:ViewsFrame__ReInit	0	static
Views.c:449:6:ViewsImage__ReInit	0	static
Views.c:758:6:ViewsText__ReInit	0	static
Views.c:80:6:ViewsRectangle__Done	0	static
Views.c:197:6:ViewsFrame__Done	0	static
Views.c:456:6:ViewsImage__Done	0	static
Views.c:114:6:ViewsRectangle_Draw	112	static
Views.c:271:6:ViewsFrame_observerSlot	16	static
Views.c:231:6:ViewsFrame_Draw	136	static
Views.c:282:6:ViewsFrame_timerSlot	40	static
Views.c:554:6:ViewsImage_timerSlot	40	static
Views.c:1005:6:ViewsText_preReparseSlot	24	static
Views.c:941:6:ViewsText_OnSetBounds	80	static
Views.c:765:6:ViewsText__Done	8	static
Views.c:141:6:ViewsRectangle_OnSetColor	24	static
Views.c:326:6:ViewsFrame_OnSetColor	24	static
Views.c:339:6:ViewsFrame_OnSetAnimated	48	static
Views.c:368:6:ViewsFrame_OnSetFrameNumber	16	static
Views.c:387:6:ViewsFrame_OnSetBitmap	40	static
Views.c:611:6:ViewsImage_OnSetAnimated	48	static
Views.c:672:6:ViewsImage_OnSetVisible	0	static
Views.c:685:7:ViewsImage_GetContentArea	136	static
Views.c:490:6:ViewsImage_Draw	216	static
Views.c:539:6:ViewsImage_observerSlot	40	static
Views.c:598:6:ViewsImage_OnSetAutoSize	40	static
Views.c:640:6:ViewsImage_OnSetBitmap	56	static
Views.c:778:6:ViewsText_Done	8	static
Views.c:972:6:ViewsText_freeBidi	0	static
Views.c:984:9:ViewsText_createBidi	0	static
Views.c:1325:6:ViewsText_OnSetEnableBidiText	24	static
Views.c:1338:6:ViewsText_OnSetEllipsis	24	static
Views.c:1380:6:ViewsText_OnSetWrapText	24	static
Views.c:1401:6:ViewsText_OnSetAlignment	40	static
Views.c:1424:6:ViewsText_OnSetString	24	static
Views.c:1436:6:ViewsText_OnSetFont	24	static
Views.c:1448:6:ViewsText_OnSetColor	24	static
Views.c:1464:7:ViewsText_IsBaseDirectionRTL	24	static
Views.c:1486:7:ViewsText_IsBidiText	24	static
Views.c:1508:7:ViewsText_GetContentArea	128	static
Views.c:812:6:ViewsText_Draw	272	static
Views.c:1014:6:ViewsText_reparseSlot	176	static
Views.c:1356:6:ViewsText_OnSetAutoSize	80	static
