WidgetSet.c:422:6:WidgetSetWidgetConfig__Init	8	static
WidgetSet.c:106:6:WidgetSetPushButtonConfig__Init	8	static
WidgetSet.c:435:6:WidgetSetWidgetConfig__ReInit	0	static
WidgetSet.c:131:6:WidgetSetPushButtonConfig__ReInit	0	static
WidgetSet.c:442:6:WidgetSetWidgetConfig__Done	0	static
WidgetSet.c:138:6:WidgetSetPushButtonConfig__Done	0	static
WidgetSet.c:452:6:WidgetSetWidgetConfig_onInvalidate	0	static
WidgetSet.c:470:6:WidgetSetPushButton__Init	40	static
WidgetSet.c:511:6:WidgetSetPushButton__ReInit	8	static
WidgetSet.c:523:6:WidgetSetPushButton__Done	8	static
WidgetSet.c:538:6:WidgetSetPushButton_OnSetBounds	72	static
WidgetSet.c:608:6:WidgetSetPushButton_UpdateViewState	104	static
WidgetSet.c:737:6:WidgetSetPushButton_onConfigChanged	16	static
WidgetSet.c:760:6:WidgetSetPushButton_onFlashTimer	16	static
WidgetSet.c:814:6:WidgetSetPushButton_onLeaveTouch	0	static
WidgetSet.c:796:6:WidgetSetPushButton_onPressKey	8	static
WidgetSet.c:832:6:WidgetSetPushButton_onReleaseTouch	16	static
WidgetSet.c:862:6:WidgetSetPushButton_onPressTouch	16	static
WidgetSet.c:192:6:WidgetSetPushButtonConfig_OnSetLabelMarginBottom.part.0	24	static
WidgetSet.c:203:6:WidgetSetPushButtonConfig_OnSetLabelMarginTop.part.0	24	static
WidgetSet.c:214:6:WidgetSetPushButtonConfig_OnSetLabelMarginRight.part.0	24	static
WidgetSet.c:225:6:WidgetSetPushButtonConfig_OnSetLabelMarginLeft.part.0	24	static
WidgetSet.c:258:6:WidgetSetPushButtonConfig_OnSetIconMarginBottom.part.0	24	static
WidgetSet.c:269:6:WidgetSetPushButtonConfig_OnSetIconMarginTop.part.0	24	static
WidgetSet.c:280:6:WidgetSetPushButtonConfig_OnSetIconMarginRight.part.0	24	static
WidgetSet.c:291:6:WidgetSetPushButtonConfig_OnSetIconMarginLeft.part.0	24	static
WidgetSet.c:302:6:WidgetSetPushButtonConfig_OnSetLabelFont.part.0	24	static
WidgetSet.c:313:6:WidgetSetPushButtonConfig_OnSetFaceFrameActive.part.0	24	static
WidgetSet.c:324:6:WidgetSetPushButtonConfig_OnSetFaceFrameFocused.part.0	24	static
WidgetSet.c:335:6:WidgetSetPushButtonConfig_OnSetFaceFrameDisabled.part.0	24	static
WidgetSet.c:346:6:WidgetSetPushButtonConfig_OnSetFaceFrameDefault.part.0	24	static
WidgetSet.c:357:6:WidgetSetPushButtonConfig_OnSetFaceActive.part.0	24	static
WidgetSet.c:368:6:WidgetSetPushButtonConfig_OnSetFaceFocused.part.0	24	static
WidgetSet.c:379:6:WidgetSetPushButtonConfig_OnSetFaceDisabled.part.0	24	static
WidgetSet.c:390:6:WidgetSetPushButtonConfig_OnSetFaceDefault.part.0	24	static
WidgetSet.c:823:6:WidgetSetPushButton_onEnterTouch	0	static
WidgetSet.c:770:6:WidgetSetPushButton_onReleaseKey	24	static
WidgetSet.c:148:6:WidgetSetPushButtonConfig_OnSetLabelColorActive	32	static
WidgetSet.c:159:6:WidgetSetPushButtonConfig_OnSetLabelColorFocused	32	static
WidgetSet.c:170:6:WidgetSetPushButtonConfig_OnSetLabelColorDisabled	32	static
WidgetSet.c:181:6:WidgetSetPushButtonConfig_OnSetLabelColorDefault	32	static
WidgetSet.c:192:6:WidgetSetPushButtonConfig_OnSetLabelMarginBottom	0	static
WidgetSet.c:203:6:WidgetSetPushButtonConfig_OnSetLabelMarginTop	0	static
WidgetSet.c:214:6:WidgetSetPushButtonConfig_OnSetLabelMarginRight	0	static
WidgetSet.c:225:6:WidgetSetPushButtonConfig_OnSetLabelMarginLeft	0	static
WidgetSet.c:236:6:WidgetSetPushButtonConfig_OnSetIconTintDisabled	32	static
WidgetSet.c:247:6:WidgetSetPushButtonConfig_OnSetIconTintDefault	32	static
WidgetSet.c:258:6:WidgetSetPushButtonConfig_OnSetIconMarginBottom	0	static
WidgetSet.c:269:6:WidgetSetPushButtonConfig_OnSetIconMarginTop	0	static
WidgetSet.c:280:6:WidgetSetPushButtonConfig_OnSetIconMarginRight	0	static
WidgetSet.c:291:6:WidgetSetPushButtonConfig_OnSetIconMarginLeft	0	static
WidgetSet.c:302:6:WidgetSetPushButtonConfig_OnSetLabelFont	0	static
WidgetSet.c:313:6:WidgetSetPushButtonConfig_OnSetFaceFrameActive	0	static
WidgetSet.c:324:6:WidgetSetPushButtonConfig_OnSetFaceFrameFocused	0	static
WidgetSet.c:335:6:WidgetSetPushButtonConfig_OnSetFaceFrameDisabled	0	static
WidgetSet.c:346:6:WidgetSetPushButtonConfig_OnSetFaceFrameDefault	0	static
WidgetSet.c:357:6:WidgetSetPushButtonConfig_OnSetFaceActive	0	static
WidgetSet.c:368:6:WidgetSetPushButtonConfig_OnSetFaceFocused	0	static
WidgetSet.c:379:6:WidgetSetPushButtonConfig_OnSetFaceDisabled	0	static
WidgetSet.c:390:6:WidgetSetPushButtonConfig_OnSetFaceDefault	0	static
WidgetSet.c:401:6:WidgetSetPushButtonConfig_OnSetWidgetMinSize	32	static
WidgetSet.c:68:6:WidgetSetPushButton_Medium__Init	16	static
WidgetSet.c:877:6:WidgetSetPushButton_OnSetLabel	16	static
WidgetSet.c:887:6:WidgetSetPushButton_OnSetAppearance	40	static
