stm32469i_discovery_lcd.c:1593:13:LL_FillBuffer	40	static
stm32469i_discovery_lcd.c:418:6:BSP_LCD_Reset	40	static
stm32469i_discovery_lcd.c:458:10:BSP_LCD_GetXSize	0	static
stm32469i_discovery_lcd.c:467:10:BSP_LCD_GetYSize	0	static
stm32469i_discovery_lcd.c:476:6:BSP_LCD_SetXSize	0	static
stm32469i_discovery_lcd.c:485:6:BSP_LCD_SetYSize	0	static
stm32469i_discovery_lcd.c:496:6:BSP_LCD_LayerDefaultInit	72	static
stm32469i_discovery_lcd.c:529:6:BSP_LCD_SelectLayer	0	static
stm32469i_discovery_lcd.c:542:6:BSP_LCD_SetLayerVisible	0	static
stm32469i_discovery_lcd.c:562:6:BSP_LCD_SetTransparency	0	static
stm32469i_discovery_lcd.c:574:6:BSP_LCD_SetLayerAddress	0	static
stm32469i_discovery_lcd.c:589:6:BSP_LCD_SetLayerWindow	24	static
stm32469i_discovery_lcd.c:604:6:BSP_LCD_SetColorKeying	16	static
stm32469i_discovery_lcd.c:615:6:BSP_LCD_ResetColorKeying	0	static
stm32469i_discovery_lcd.c:625:6:BSP_LCD_SetTextColor	0	static
stm32469i_discovery_lcd.c:634:10:BSP_LCD_GetTextColor	0	static
stm32469i_discovery_lcd.c:643:6:BSP_LCD_SetBackColor	0	static
stm32469i_discovery_lcd.c:652:10:BSP_LCD_GetBackColor	0	static
stm32469i_discovery_lcd.c:661:6:BSP_LCD_SetFont	0	static
stm32469i_discovery_lcd.c:670:8:BSP_LCD_GetFont	0	static
stm32469i_discovery_lcd.c:681:10:BSP_LCD_ReadPixel	12	static
stm32469i_discovery_lcd.c:715:6:BSP_LCD_Clear	24	static
stm32469i_discovery_lcd.c:744:6:BSP_LCD_DisplayChar	64	static
stm32469i_discovery_lcd.c:761:6:BSP_LCD_DisplayStringAt	32	static
stm32469i_discovery_lcd.c:823:6:BSP_LCD_DisplayStringAtLine	0	static
stm32469i_discovery_lcd.c:834:6:BSP_LCD_DrawHLine	32	static
stm32469i_discovery_lcd.c:851:6:BSP_LCD_DrawVLine	32	static
stm32469i_discovery_lcd.c:869:6:BSP_LCD_DrawLine	56	static
stm32469i_discovery_lcd.c:1516:13:FillTriangle	56	static
stm32469i_discovery_lcd.c:943:6:BSP_LCD_DrawRect	24	static
stm32469i_discovery_lcd.c:960:6:BSP_LCD_DrawCircle	56	static
stm32469i_discovery_lcd.c:1006:6:BSP_LCD_DrawPolygon	16	static
stm32469i_discovery_lcd.c:1033:6:BSP_LCD_DrawEllipse	48	static
stm32469i_discovery_lcd.c:1065:6:BSP_LCD_DrawBitmap	56	static
stm32469i_discovery_lcd.c:1122:6:BSP_LCD_FillRect	32	static
stm32469i_discovery_lcd.c:725:6:BSP_LCD_ClearStringLine	24	static
stm32469i_discovery_lcd.c:1142:6:BSP_LCD_FillCircle	40	static
stm32469i_discovery_lcd.c:1189:6:BSP_LCD_FillPolygon	56	static
stm32469i_discovery_lcd.c:1256:6:BSP_LCD_FillEllipse	48	static
stm32469i_discovery_lcd.c:1286:6:BSP_LCD_DisplayOn	16	static
stm32469i_discovery_lcd.c:1301:6:BSP_LCD_DisplayOff	16	static
stm32469i_discovery_lcd.c:1319:6:DSI_IO_WriteCmd	16	static
stm32469i_discovery_lcd.c:1338:13:BSP_LCD_DMA2D_IRQHandler	0	static
stm32469i_discovery_lcd.c:1347:13:BSP_LCD_DSI_IRQHandler	0	static
stm32469i_discovery_lcd.c:1357:13:BSP_LCD_LTDC_IRQHandler	0	static
stm32469i_discovery_lcd.c:1366:13:BSP_LCD_MspDeInit	8	static
stm32469i_discovery_lcd.c:1392:13:BSP_LCD_MspInit	24	static
stm32469i_discovery_lcd.c:195:9:BSP_LCD_InitEx	72	static
stm32469i_discovery_lcd.c:181:9:BSP_LCD_Init	0	static
stm32469i_discovery_lcd.c:1433:13:BSP_LCD_LTDC_ER_IRQHandler	0	static
stm32469i_discovery_lcd.c:1445:6:BSP_LCD_DrawPixel	12	static
