stm32469i_discovery_qspi.c:726:16:QSPI_AutoPollingMemReady.constprop	96	static
stm32469i_discovery_qspi.c:681:16:QSPI_WriteEnable.constprop	104	static
stm32469i_discovery_qspi.c:189:9:BSP_QSPI_Read	72	static
stm32469i_discovery_qspi.c:235:9:BSP_QSPI_Write	80	static
stm32469i_discovery_qspi.c:309:9:BSP_QSPI_Erase_Block	72	static
stm32469i_discovery_qspi.c:351:9:BSP_QSPI_Erase_Chip	64	static
stm32469i_discovery_qspi.c:391:9:BSP_QSPI_GetStatus	80	static
stm32469i_discovery_qspi.c:444:9:BSP_QSPI_GetInfo	4	static
stm32469i_discovery_qspi.c:460:9:BSP_QSPI_EnableMemoryMappedMode	80	static
stm32469i_discovery_qspi.c:503:13:BSP_QSPI_MspInit	56	static
stm32469i_discovery_qspi.c:118:9:BSP_QSPI_Init	88	static,ignoring_inline_asm
stm32469i_discovery_qspi.c:555:13:BSP_QSPI_MspDeInit	8	static
stm32469i_discovery_qspi.c:166:9:BSP_QSPI_DeInit	16	static
