stm32469i_discovery.c:520:13:I2C2_Init	48	static
stm32469i_discovery.c:497:13:I2C1_Init	48	static
stm32469i_discovery.c:662:26:I2C1_WriteMultiple.part.0	8	static
stm32469i_discovery.c:168:10:BSP_GetVersion	0	static
stm32469i_discovery.c:182:6:BSP_LED_Init	56	static
stm32469i_discovery.c:233:6:BSP_LED_DeInit	16	static
stm32469i_discovery.c:258:6:BSP_LED_On	0	static
stm32469i_discovery.c:276:6:BSP_LED_Off	0	static
stm32469i_discovery.c:293:6:BSP_LED_Toggle	0	static
stm32469i_discovery.c:313:6:BSP_PB_Init	40	static
stm32469i_discovery.c:355:6:BSP_PB_DeInit	8	static
stm32469i_discovery.c:373:10:BSP_PB_GetState	8	static
stm32469i_discovery.c:759:6:AUDIO_IO_Init	0	static
stm32469i_discovery.c:767:6:AUDIO_IO_DeInit	0	static
stm32469i_discovery.c:778:6:AUDIO_IO_Write	48	static
stm32469i_discovery.c:789:9:AUDIO_IO_Read	40	static
stm32469i_discovery.c:802:6:AUDIO_IO_Delay	0	static
stm32469i_discovery.c:812:6:EEPROM_IO_Init	0	static
stm32469i_discovery.c:825:19:EEPROM_IO_WriteData	32	static
stm32469i_discovery.c:838:19:EEPROM_IO_ReadData	32	static
stm32469i_discovery.c:850:19:EEPROM_IO_IsDeviceReady	0	static
stm32469i_discovery.c:861:6:TS_IO_Init	0	static
stm32469i_discovery.c:873:6:TS_IO_Write	48	static
stm32469i_discovery.c:885:9:TS_IO_Read	40	static
stm32469i_discovery.c:899:10:TS_IO_ReadMultiple	32	static
stm32469i_discovery.c:912:6:TS_IO_WriteMultiple	32	static
stm32469i_discovery.c:921:6:TS_IO_Delay	0	static
stm32469i_discovery.c:931:6:OTM8009A_IO_Delay	0	static
stm32469i_discovery.c:941:6:NT35510_IO_Delay	0	static
